19:59:29 **** Build of configuration Debug for project soe-tp3_04-application ****
make -j7 all 
arm-none-eabi-gcc "../app/src/app.c" -mcpu=cortex-m3 -std=gnu11 -g3 -DDEBUG -DUSE_HAL_DRIVER -DSTM32F103xB -c -I../Core/Inc -I../Drivers/STM32F1xx_HAL_Driver/Inc -I../Drivers/STM32F1xx_HAL_Driver/Inc/Legacy -I../Drivers/CMSIS/Device/ST/STM32F1xx/Include -I../Drivers/CMSIS/Include -I../Middlewares/Third_Party/FreeRTOS/Source/include -I../Middlewares/Third_Party/FreeRTOS/Source/CMSIS_RTOS -I../Middlewares/Third_Party/FreeRTOS/Source/portable/GCC/ARM_CM3 -I../app/inc -O0 -ffunction-sections -fdata-sections -Wall -fstack-usage -fcyclomatic-complexity -MMD -MP -MF"app/src/app.d" -MT"app/src/app.o" --specs=nano.specs -mfloat-abi=soft -mthumb -o "app/src/app.o"
arm-none-eabi-gcc "../app/src/app_it.c" -mcpu=cortex-m3 -std=gnu11 -g3 -DDEBUG -DUSE_HAL_DRIVER -DSTM32F103xB -c -I../Core/Inc -I../Drivers/STM32F1xx_HAL_Driver/Inc -I../Drivers/STM32F1xx_HAL_Driver/Inc/Legacy -I../Drivers/CMSIS/Device/ST/STM32F1xx/Include -I../Drivers/CMSIS/Include -I../Middlewares/Third_Party/FreeRTOS/Source/include -I../Middlewares/Third_Party/FreeRTOS/Source/CMSIS_RTOS -I../Middlewares/Third_Party/FreeRTOS/Source/portable/GCC/ARM_CM3 -I../app/inc -O0 -ffunction-sections -fdata-sections -Wall -fstack-usage -fcyclomatic-complexity -MMD -MP -MF"app/src/app_it.d" -MT"app/src/app_it.o" --specs=nano.specs -mfloat-abi=soft -mthumb -o "app/src/app_it.o"
arm-none-eabi-gcc "../app/src/freertos.c" -mcpu=cortex-m3 -std=gnu11 -g3 -DDEBUG -DUSE_HAL_DRIVER -DSTM32F103xB -c -I../Core/Inc -I../Drivers/STM32F1xx_HAL_Driver/Inc -I../Drivers/STM32F1xx_HAL_Driver/Inc/Legacy -I../Drivers/CMSIS/Device/ST/STM32F1xx/Include -I../Drivers/CMSIS/Include -I../Middlewares/Third_Party/FreeRTOS/Source/include -I../Middlewares/Third_Party/FreeRTOS/Source/CMSIS_RTOS -I../Middlewares/Third_Party/FreeRTOS/Source/portable/GCC/ARM_CM3 -I../app/inc -O0 -ffunction-sections -fdata-sections -Wall -fstack-usage -fcyclomatic-complexity -MMD -MP -MF"app/src/freertos.d" -MT"app/src/freertos.o" --specs=nano.specs -mfloat-abi=soft -mthumb -o "app/src/freertos.o"
arm-none-eabi-gcc "../app/src/logger.c" -mcpu=cortex-m3 -std=gnu11 -g3 -DDEBUG -DUSE_HAL_DRIVER -DSTM32F103xB -c -I../Core/Inc -I../Drivers/STM32F1xx_HAL_Driver/Inc -I../Drivers/STM32F1xx_HAL_Driver/Inc/Legacy -I../Drivers/CMSIS/Device/ST/STM32F1xx/Include -I../Drivers/CMSIS/Include -I../Middlewares/Third_Party/FreeRTOS/Source/include -I../Middlewares/Third_Party/FreeRTOS/Source/CMSIS_RTOS -I../Middlewares/Third_Party/FreeRTOS/Source/portable/GCC/ARM_CM3 -I../app/inc -O0 -ffunction-sections -fdata-sections -Wall -fstack-usage -fcyclomatic-complexity -MMD -MP -MF"app/src/logger.d" -MT"app/src/logger.o" --specs=nano.specs -mfloat-abi=soft -mthumb -o "app/src/logger.o"
arm-none-eabi-gcc "../app/src/systick.c" -mcpu=cortex-m3 -std=gnu11 -g3 -DDEBUG -DUSE_HAL_DRIVER -DSTM32F103xB -c -I../Core/Inc -I../Drivers/STM32F1xx_HAL_Driver/Inc -I../Drivers/STM32F1xx_HAL_Driver/Inc/Legacy -I../Drivers/CMSIS/Device/ST/STM32F1xx/Include -I../Drivers/CMSIS/Include -I../Middlewares/Third_Party/FreeRTOS/Source/include -I../Middlewares/Third_Party/FreeRTOS/Source/CMSIS_RTOS -I../Middlewares/Third_Party/FreeRTOS/Source/portable/GCC/ARM_CM3 -I../app/inc -O0 -ffunction-sections -fdata-sections -Wall -fstack-usage -fcyclomatic-complexity -MMD -MP -MF"app/src/systick.d" -MT"app/src/systick.o" --specs=nano.specs -mfloat-abi=soft -mthumb -o "app/src/systick.o"
arm-none-eabi-gcc "../app/src/task_gate_a.c" -mcpu=cortex-m3 -std=gnu11 -g3 -DDEBUG -DUSE_HAL_DRIVER -DSTM32F103xB -c -I../Core/Inc -I../Drivers/STM32F1xx_HAL_Driver/Inc -I../Drivers/STM32F1xx_HAL_Driver/Inc/Legacy -I../Drivers/CMSIS/Device/ST/STM32F1xx/Include -I../Drivers/CMSIS/Include -I../Middlewares/Third_Party/FreeRTOS/Source/include -I../Middlewares/Third_Party/FreeRTOS/Source/CMSIS_RTOS -I../Middlewares/Third_Party/FreeRTOS/Source/portable/GCC/ARM_CM3 -I../app/inc -O0 -ffunction-sections -fdata-sections -Wall -fstack-usage -fcyclomatic-complexity -MMD -MP -MF"app/src/task_gate_a.d" -MT"app/src/task_gate_a.o" --specs=nano.specs -mfloat-abi=soft -mthumb -o "app/src/task_gate_a.o"
arm-none-eabi-gcc "../app/src/task_gate_b.c" -mcpu=cortex-m3 -std=gnu11 -g3 -DDEBUG -DUSE_HAL_DRIVER -DSTM32F103xB -c -I../Core/Inc -I../Drivers/STM32F1xx_HAL_Driver/Inc -I../Drivers/STM32F1xx_HAL_Driver/Inc/Legacy -I../Drivers/CMSIS/Device/ST/STM32F1xx/Include -I../Drivers/CMSIS/Include -I../Middlewares/Third_Party/FreeRTOS/Source/include -I../Middlewares/Third_Party/FreeRTOS/Source/CMSIS_RTOS -I../Middlewares/Third_Party/FreeRTOS/Source/portable/GCC/ARM_CM3 -I../app/inc -O0 -ffunction-sections -fdata-sections -Wall -fstack-usage -fcyclomatic-complexity -MMD -MP -MF"app/src/task_gate_b.d" -MT"app/src/task_gate_b.o" --specs=nano.specs -mfloat-abi=soft -mthumb -o "app/src/task_gate_b.o"
../app/src/app.c: In function 'app_init':
../app/src/app.c:130:5: warning: "/*" within comment [-Wcomment]
  130 |     /* 1. Crear el Mutex global de la Esclusa (Habitación) */
      |      
In file included from ../Middlewares/Third_Party/FreeRTOS/Source/CMSIS_RTOS/cmsis_os.h:60,
                 from ../app/src/task_gate_a.c:38:
../app/src/task_gate_a.c: In function 'task_gate_a':
../app/src/task_gate_a.c:78:24: error: 'sem_open_req_a' undeclared (first use in this function)
   78 |         xSemaphoreTake(sem_open_req_a, portMAX_DELAY);
      |                        ^~~~~~~~~~~~~~
../Middlewares/Third_Party/FreeRTOS/Source/include/semphr.h:289:88: note: in definition of macro 'xSemaphoreTake'
  289 | #define xSemaphoreTake( xSemaphore, xBlockTime )                xQueueSemaphoreTake( ( xSemaphore ), ( xBlockTime ) )
      |                                                                                        ^~~~~~~~~~
../app/src/task_gate_a.c:78:24: note: each undeclared identifier is reported only once for each function it appears in
   78 |         xSemaphoreTake(sem_open_req_a, portMAX_DELAY);
      |                        ^~~~~~~~~~~~~~
../Middlewares/Third_Party/FreeRTOS/Source/include/semphr.h:289:88: note: in definition of macro 'xSemaphoreTake'
  289 | #define xSemaphoreTake( xSemaphore, xBlockTime )                xQueueSemaphoreTake( ( xSemaphore ), ( xBlockTime ) )
      |                                                                                        ^~~~~~~~~~
In file included from ../Middlewares/Third_Party/FreeRTOS/Source/CMSIS_RTOS/cmsis_os.h:60,
                 from ../app/src/task_gate_b.c:38:
../app/src/task_gate_b.c: In function 'task_gate_b':
../app/src/task_gate_b.c:80:24: error: 'sem_open_req_b' undeclared (first use in this function)
   80 |         xSemaphoreTake(sem_open_req_b, portMAX_DELAY);
      |                        ^~~~~~~~~~~~~~
../Middlewares/Third_Party/FreeRTOS/Source/include/semphr.h:289:88: note: in definition of macro 'xSemaphoreTake'
  289 | #define xSemaphoreTake( xSemaphore, xBlockTime )                xQueueSemaphoreTake( ( xSemaphore ), ( xBlockTime ) )
      |                                                                                        ^~~~~~~~~~
../app/src/task_gate_b.c:80:24: note: each undeclared identifier is reported only once for each function it appears in
   80 |         xSemaphoreTake(sem_open_req_b, portMAX_DELAY);
      |                        ^~~~~~~~~~~~~~
../Middlewares/Third_Party/FreeRTOS/Source/include/semphr.h:289:88: note: in definition of macro 'xSemaphoreTake'
  289 | #define xSemaphoreTake( xSemaphore, xBlockTime )                xQueueSemaphoreTake( ( xSemaphore ), ( xBlockTime ) )
      |                                                                                        ^~~~~~~~~~
../app/src/task_gate_a.c:81:24: error: 'mutex_airlock_ab' undeclared (first use in this function)
   81 |         xSemaphoreTake(mutex_airlock_ab, portMAX_DELAY);
      |                        ^~~~~~~~~~~~~~~~
../Middlewares/Third_Party/FreeRTOS/Source/include/semphr.h:289:88: note: in definition of macro 'xSemaphoreTake'
  289 | #define xSemaphoreTake( xSemaphore, xBlockTime )                xQueueSemaphoreTake( ( xSemaphore ), ( xBlockTime ) )
      |                                                                                        ^~~~~~~~~~
../app/src/task_gate_b.c:83:24: error: 'mutex_airlock' undeclared (first use in this function)
   83 |         xSemaphoreTake(mutex_airlock, portMAX_DELAY);
      |                        ^~~~~~~~~~~~~
../Middlewares/Third_Party/FreeRTOS/Source/include/semphr.h:289:88: note: in definition of macro 'xSemaphoreTake'
  289 | #define xSemaphoreTake( xSemaphore, xBlockTime )                xQueueSemaphoreTake( ( xSemaphore ), ( xBlockTime ) )
      |                                                                                        ^~~~~~~~~~
../app/src/task_gate_a.c:87:24: error: 'sem_door_closed_a' undeclared (first use in this function)
   87 |         xSemaphoreTake(sem_door_closed_a, portMAX_DELAY);
      |                        ^~~~~~~~~~~~~~~~~
../Middlewares/Third_Party/FreeRTOS/Source/include/semphr.h:289:88: note: in definition of macro 'xSemaphoreTake'
  289 | #define xSemaphoreTake( xSemaphore, xBlockTime )                xQueueSemaphoreTake( ( xSemaphore ), ( xBlockTime ) )
      |                                                                                        ^~~~~~~~~~
../app/src/task_gate_b.c:89:24: error: 'sem_door_closed_b' undeclared (first use in this function)
   89 |         xSemaphoreTake(sem_door_closed_b, portMAX_DELAY);
      |                        ^~~~~~~~~~~~~~~~~
../Middlewares/Third_Party/FreeRTOS/Source/include/semphr.h:289:88: note: in definition of macro 'xSemaphoreTake'
  289 | #define xSemaphoreTake( xSemaphore, xBlockTime )                xQueueSemaphoreTake( ( xSemaphore ), ( xBlockTime ) )
      |                                                                                        ^~~~~~~~~~
make: *** [app/src/subdir.mk:46: app/src/task_gate_a.o] Error 1
make: *** Waiting for unfinished jobs....
make: *** [app/src/subdir.mk:46: app/src/task_gate_b.o] Error 1
"make -j7 all" terminated with exit code 2. Build might be incomplete.
19:59:37 **** Incremental Build of configuration Debug for project soe-tp3_04-application ****
make -j7 all 
arm-none-eabi-gcc "../app/src/task_gate_a.c" -mcpu=cortex-m3 -std=gnu11 -g3 -DDEBUG -DUSE_HAL_DRIVER -DSTM32F103xB -c -I../Core/Inc -I../Drivers/STM32F1xx_HAL_Driver/Inc -I../Drivers/STM32F1xx_HAL_Driver/Inc/Legacy -I../Drivers/CMSIS/Device/ST/STM32F1xx/Include -I../Drivers/CMSIS/Include -I../Middlewares/Third_Party/FreeRTOS/Source/include -I../Middlewares/Third_Party/FreeRTOS/Source/CMSIS_RTOS -I../Middlewares/Third_Party/FreeRTOS/Source/portable/GCC/ARM_CM3 -I../app/inc -O0 -ffunction-sections -fdata-sections -Wall -fstack-usage -fcyclomatic-complexity -MMD -MP -MF"app/src/task_gate_a.d" -MT"app/src/task_gate_a.o" --specs=nano.specs -mfloat-abi=soft -mthumb -o "app/src/task_gate_a.o"
arm-none-eabi-gcc "../app/src/task_gate_b.c" -mcpu=cortex-m3 -std=gnu11 -g3 -DDEBUG -DUSE_HAL_DRIVER -DSTM32F103xB -c -I../Core/Inc -I../Drivers/STM32F1xx_HAL_Driver/Inc -I../Drivers/STM32F1xx_HAL_Driver/Inc/Legacy -I../Drivers/CMSIS/Device/ST/STM32F1xx/Include -I../Drivers/CMSIS/Include -I../Middlewares/Third_Party/FreeRTOS/Source/include -I../Middlewares/Third_Party/FreeRTOS/Source/CMSIS_RTOS -I../Middlewares/Third_Party/FreeRTOS/Source/portable/GCC/ARM_CM3 -I../app/inc -O0 -ffunction-sections -fdata-sections -Wall -fstack-usage -fcyclomatic-complexity -MMD -MP -MF"app/src/task_gate_b.d" -MT"app/src/task_gate_b.o" --specs=nano.specs -mfloat-abi=soft -mthumb -o "app/src/task_gate_b.o"
arm-none-eabi-gcc "../app/src/task_gate_c.c" -mcpu=cortex-m3 -std=gnu11 -g3 -DDEBUG -DUSE_HAL_DRIVER -DSTM32F103xB -c -I../Core/Inc -I../Drivers/STM32F1xx_HAL_Driver/Inc -I../Drivers/STM32F1xx_HAL_Driver/Inc/Legacy -I../Drivers/CMSIS/Device/ST/STM32F1xx/Include -I../Drivers/CMSIS/Include -I../Middlewares/Third_Party/FreeRTOS/Source/include -I../Middlewares/Third_Party/FreeRTOS/Source/CMSIS_RTOS -I../Middlewares/Third_Party/FreeRTOS/Source/portable/GCC/ARM_CM3 -I../app/inc -O0 -ffunction-sections -fdata-sections -Wall -fstack-usage -fcyclomatic-complexity -MMD -MP -MF"app/src/task_gate_c.d" -MT"app/src/task_gate_c.o" --specs=nano.specs -mfloat-abi=soft -mthumb -o "app/src/task_gate_c.o"
arm-none-eabi-gcc "../app/src/task_gate_d.c" -mcpu=cortex-m3 -std=gnu11 -g3 -DDEBUG -DUSE_HAL_DRIVER -DSTM32F103xB -c -I../Core/Inc -I../Drivers/STM32F1xx_HAL_Driver/Inc -I../Drivers/STM32F1xx_HAL_Driver/Inc/Legacy -I../Drivers/CMSIS/Device/ST/STM32F1xx/Include -I../Drivers/CMSIS/Include -I../Middlewares/Third_Party/FreeRTOS/Source/include -I../Middlewares/Third_Party/FreeRTOS/Source/CMSIS_RTOS -I../Middlewares/Third_Party/FreeRTOS/Source/portable/GCC/ARM_CM3 -I../app/inc -O0 -ffunction-sections -fdata-sections -Wall -fstack-usage -fcyclomatic-complexity -MMD -MP -MF"app/src/task_gate_d.d" -MT"app/src/task_gate_d.o" --specs=nano.specs -mfloat-abi=soft -mthumb -o "app/src/task_gate_d.o"
arm-none-eabi-gcc "../app/src/task_test.c" -mcpu=cortex-m3 -std=gnu11 -g3 -DDEBUG -DUSE_HAL_DRIVER -DSTM32F103xB -c -I../Core/Inc -I../Drivers/STM32F1xx_HAL_Driver/Inc -I../Drivers/STM32F1xx_HAL_Driver/Inc/Legacy -I../Drivers/CMSIS/Device/ST/STM32F1xx/Include -I../Drivers/CMSIS/Include -I../Middlewares/Third_Party/FreeRTOS/Source/include -I../Middlewares/Third_Party/FreeRTOS/Source/CMSIS_RTOS -I../Middlewares/Third_Party/FreeRTOS/Source/portable/GCC/ARM_CM3 -I../app/inc -O0 -ffunction-sections -fdata-sections -Wall -fstack-usage -fcyclomatic-complexity -MMD -MP -MF"app/src/task_test.d" -MT"app/src/task_test.o" --specs=nano.specs -mfloat-abi=soft -mthumb -o "app/src/task_test.o"
arm-none-eabi-gcc "../Middlewares/Third_Party/FreeRTOS/Source/portable/MemMang/heap_4.c" -mcpu=cortex-m3 -std=gnu11 -g3 -DDEBUG -DUSE_HAL_DRIVER -DSTM32F103xB -c -I../Core/Inc -I../Drivers/STM32F1xx_HAL_Driver/Inc -I../Drivers/STM32F1xx_HAL_Driver/Inc/Legacy -I../Drivers/CMSIS/Device/ST/STM32F1xx/Include -I../Drivers/CMSIS/Include -I../Middlewares/Third_Party/FreeRTOS/Source/include -I../Middlewares/Third_Party/FreeRTOS/Source/CMSIS_RTOS -I../Middlewares/Third_Party/FreeRTOS/Source/portable/GCC/ARM_CM3 -I../app/inc -O0 -ffunction-sections -fdata-sections -Wall -fstack-usage -fcyclomatic-complexity -MMD -MP -MF"Middlewares/Third_Party/FreeRTOS/Source/portable/MemMang/heap_4.d" -MT"Middlewares/Third_Party/FreeRTOS/Source/portable/MemMang/heap_4.o" --specs=nano.specs -mfloat-abi=soft -mthumb -o "Middlewares/Third_Party/FreeRTOS/Source/portable/MemMang/heap_4.o"
arm-none-eabi-gcc "../Middlewares/Third_Party/FreeRTOS/Source/portable/GCC/ARM_CM3/port.c" -mcpu=cortex-m3 -std=gnu11 -g3 -DDEBUG -DUSE_HAL_DRIVER -DSTM32F103xB -c -I../Core/Inc -I../Drivers/STM32F1xx_HAL_Driver/Inc -I../Drivers/STM32F1xx_HAL_Driver/Inc/Legacy -I../Drivers/CMSIS/Device/ST/STM32F1xx/Include -I../Drivers/CMSIS/Include -I../Middlewares/Third_Party/FreeRTOS/Source/include -I../Middlewares/Third_Party/FreeRTOS/Source/CMSIS_RTOS -I../Middlewares/Third_Party/FreeRTOS/Source/portable/GCC/ARM_CM3 -I../app/inc -O0 -ffunction-sections -fdata-sections -Wall -fstack-usage -fcyclomatic-complexity -MMD -MP -MF"Middlewares/Third_Party/FreeRTOS/Source/portable/GCC/ARM_CM3/port.d" -MT"Middlewares/Third_Party/FreeRTOS/Source/portable/GCC/ARM_CM3/port.o" --specs=nano.specs -mfloat-abi=soft -mthumb -o "Middlewares/Third_Party/FreeRTOS/Source/portable/GCC/ARM_CM3/port.o"
In file included from ../Middlewares/Third_Party/FreeRTOS/Source/CMSIS_RTOS/cmsis_os.h:60,
                 from ../app/src/task_gate_c.c:38:
../app/src/task_gate_c.c: In function 'task_gate_c':
../app/src/task_gate_c.c:96:24: error: 'sem_open_req_c' undeclared (first use in this function)
   96 |         xSemaphoreTake(sem_open_req_c, portMAX_DELAY);
      |                        ^~~~~~~~~~~~~~
../Middlewares/Third_Party/FreeRTOS/Source/include/semphr.h:289:88: note: in definition of macro 'xSemaphoreTake'
  289 | #define xSemaphoreTake( xSemaphore, xBlockTime )                xQueueSemaphoreTake( ( xSemaphore ), ( xBlockTime ) )
      |                                                                                        ^~~~~~~~~~
../app/src/task_gate_c.c:96:24: note: each undeclared identifier is reported only once for each function it appears in
   96 |         xSemaphoreTake(sem_open_req_c, portMAX_DELAY);
      |                        ^~~~~~~~~~~~~~
../Middlewares/Third_Party/FreeRTOS/Source/include/semphr.h:289:88: note: in definition of macro 'xSemaphoreTake'
  289 | #define xSemaphoreTake( xSemaphore, xBlockTime )                xQueueSemaphoreTake( ( xSemaphore ), ( xBlockTime ) )
      |                                                                                        ^~~~~~~~~~
In file included from ../Middlewares/Third_Party/FreeRTOS/Source/CMSIS_RTOS/cmsis_os.h:60,
                 from ../app/src/task_test.c:38:
../app/src/task_test.c: In function 'task_test':
../app/src/task_test.c:159:72: error: 'sem_open_req_a' undeclared (first use in this function)
  159 |                                                         xSemaphoreGive(sem_open_req_a);
      |                                                                        ^~~~~~~~~~~~~~
../Middlewares/Third_Party/FreeRTOS/Source/include/semphr.h:447:88: note: in definition of macro 'xSemaphoreGive'
  447 | #define xSemaphoreGive( xSemaphore )            xQueueGenericSend( ( QueueHandle_t ) ( xSemaphore ), NULL, semGIVE_BLOCK_TIME, queueSEND_TO_BACK )
      |                                                                                        ^~~~~~~~~~
../app/src/task_test.c:159:72: note: each undeclared identifier is reported only once for each function it appears in
  159 |                                                         xSemaphoreGive(sem_open_req_a);
arm-none-eabi-gcc "../Middlewares/Third_Party/FreeRTOS/Source/CMSIS_RTOS/cmsis_os.c" -mcpu=cortex-m3 -std=gnu11 -g3 -DDEBUG -DUSE_HAL_DRIVER -DSTM32F103xB -c -I../Core/Inc -I../Drivers/STM32F1xx_HAL_Driver/Inc -I../Drivers/STM32F1xx_HAL_Driver/Inc/Legacy -I../Drivers/CMSIS/Device/ST/STM32F1xx/Include -I../Drivers/CMSIS/Include -I../Middlewares/Third_Party/FreeRTOS/Source/include -I../Middlewares/Third_Party/FreeRTOS/Source/CMSIS_RTOS -I../Middlewares/Third_Party/FreeRTOS/Source/portable/GCC/ARM_CM3 -I../app/inc -O0 -ffunction-sections -fdata-sections -Wall -fstack-usage -fcyclomatic-complexity -MMD -MP -MF"Middlewares/Third_Party/FreeRTOS/Source/CMSIS_RTOS/cmsis_os.d" -MT"Middlewares/Third_Party/FreeRTOS/Source/CMSIS_RTOS/cmsis_os.o" --specs=nano.specs -mfloat-abi=soft -mthumb -o "Middlewares/Third_Party/FreeRTOS/Source/CMSIS_RTOS/cmsis_os.o"
      |                                                                        ^~~~~~~~~~~~~~
../Middlewares/Third_Party/FreeRTOS/Source/include/semphr.h:447:88: note: in definition of macro 'xSemaphoreGive'
  447 | #define xSemaphoreGive( xSemaphore )            xQueueGenericSend( ( QueueHandle_t ) ( xSemaphore ), NULL, semGIVE_BLOCK_TIME, queueSEND_TO_BACK )
      |                                                                                        ^~~~~~~~~~
In file included from ../Middlewares/Third_Party/FreeRTOS/Source/CMSIS_RTOS/cmsis_os.h:60,
                 from ../app/src/task_gate_d.c:38:
../app/src/task_gate_d.c: In function 'task_gate_d':
../app/src/task_gate_d.c:96:24: error: 'sem_open_req_d' undeclared (first use in this function)
   96 |         xSemaphoreTake(sem_open_req_d, portMAX_DELAY);
      |                        ^~~~~~~~~~~~~~
../Middlewares/Third_Party/FreeRTOS/Source/include/semphr.h:289:88: note: in definition of macro 'xSemaphoreTake'
  289 | #define xSemaphoreTake( xSemaphore, xBlockTime )                xQueueSemaphoreTake( ( xSemaphore ), ( xBlockTime ) )
      |                                                                                        ^~~~~~~~~~
../app/src/task_gate_d.c:96:24: note: each undeclared identifier is reported only once for each function it appears in
   96 |         xSemaphoreTake(sem_open_req_d, portMAX_DELAY);
      |                        ^~~~~~~~~~~~~~
../Middlewares/Third_Party/FreeRTOS/Source/include/semphr.h:289:88: note: in definition of macro 'xSemaphoreTake'
  289 | #define xSemaphoreTake( xSemaphore, xBlockTime )                xQueueSemaphoreTake( ( xSemaphore ), ( xBlockTime ) )
      |                                                                                        ^~~~~~~~~~
../app/src/task_gate_c.c:99:24: error: 'mutex_airlock' undeclared (first use in this function)
   99 |         xSemaphoreTake(mutex_airlock, portMAX_DELAY);
arm-none-eabi-gcc "../Middlewares/Third_Party/FreeRTOS/Source/croutine.c" -mcpu=cortex-m3 -std=gnu11 -g3 -DDEBUG -DUSE_HAL_DRIVER -DSTM32F103xB -c -I../Core/Inc -I../Drivers/STM32F1xx_HAL_Driver/Inc -I../Drivers/STM32F1xx_HAL_Driver/Inc/Legacy -I../Drivers/CMSIS/Device/ST/STM32F1xx/Include -I../Drivers/CMSIS/Include -I../Middlewares/Third_Party/FreeRTOS/Source/include -I../Middlewares/Third_Party/FreeRTOS/Source/CMSIS_RTOS -I../Middlewares/Third_Party/FreeRTOS/Source/portable/GCC/ARM_CM3 -I../app/inc -O0 -ffunction-sections -fdata-sections -Wall -fstack-usage -fcyclomatic-complexity -MMD -MP -MF"Middlewares/Third_Party/FreeRTOS/Source/croutine.d" -MT"Middlewares/Third_Party/FreeRTOS/Source/croutine.o" --specs=nano.specs -mfloat-abi=soft -mthumb -o "Middlewares/Third_Party/FreeRTOS/Source/croutine.o"
      |                        ^~~~~~~~~~~~~
../Middlewares/Third_Party/FreeRTOS/Source/include/semphr.h:289:88: note: in definition of macro 'xSemaphoreTake'
  289 | #define xSemaphoreTake( xSemaphore, xBlockTime )                xQueueSemaphoreTake( ( xSemaphore ), ( xBlockTime ) )
      |                                                                                        ^~~~~~~~~~
In file included from ../Middlewares/Third_Party/FreeRTOS/Source/CMSIS_RTOS/cmsis_os.h:60,
                 from ../app/src/task_gate_a.c:38:
../app/src/task_gate_a.c: In function 'task_gate_a':
../app/src/task_gate_a.c:78:24: error: 'sem_open_req_a' undeclared (first use in this function)
   78 |         xSemaphoreTake(sem_open_req_a, portMAX_DELAY);
      |                        ^~~~~~~~~~~~~~
../Middlewares/Third_Party/FreeRTOS/Source/include/semphr.h:289:88: note: in definition of macro 'xSemaphoreTake'
  289 | #define xSemaphoreTake( xSemaphore, xBlockTime )                xQueueSemaphoreTake( ( xSemaphore ), ( xBlockTime ) )
      |                                                                                        ^~~~~~~~~~
../app/src/task_gate_a.c:78:24: note: each undeclared identifier is reported only once for each function it appears in
   78 |         xSemaphoreTake(sem_open_req_a, portMAX_DELAY);
      |                        ^~~~~~~~~~~~~~
../Middlewares/Third_Party/FreeRTOS/Source/include/semphr.h:289:88: note: in definition of macro 'xSemaphoreTake'
  289 | #define xSemaphoreTake( xSemaphore, xBlockTime )                xQueueSemaphoreTake( ( xSemaphore ), ( xBlockTime ) )
      |                                                                                        ^~~~~~~~~~
In file included from ../Middlewares/Third_Party/FreeRTOS/Source/CMSIS_RTOS/cmsis_os.h:60,
                 from ../app/src/task_gate_b.c:38:
../app/src/task_gate_b.c: In function 'task_gate_b':
../app/src/task_gate_b.c:80:24: error: 'sem_open_req_b' undeclared (first use in this function)
   80 |         xSemaphoreTake(sem_open_req_b, portMAX_DELAY);
      |                        ^~~~~~~~~~~~~~
../Middlewares/Third_Party/FreeRTOS/Source/include/semphr.h:289:88: note: in definition of macro 'xSemaphoreTake'
  289 | #define xSemaphoreTake( xSemaphore, xBlockTime )                xQueueSemaphoreTake( ( xSemaphore ), ( xBlockTime ) )
      |                                                                                        ^~~~~~~~~~
../app/src/task_gate_b.c:80:24: note: each undeclared identifier is reported only once for each function it appears in
   80 |         xSemaphoreTake(sem_open_req_b, portMAX_DELAY);
      |                        ^~~~~~~~~~~~~~
../Middlewares/Third_Party/FreeRTOS/Source/include/semphr.h:289:88: note: in definition of macro 'xSemaphoreTake'
  289 | #define xSemaphoreTake( xSemaphore, xBlockTime )                xQueueSemaphoreTake( ( xSemaphore ), ( xBlockTime ) )
      |                                                                                        ^~~~~~~~~~
../app/src/task_gate_d.c:99:24: error: 'mutex_airlock' undeclared (first use in this function)
   99 |         xSemaphoreTake(mutex_airlock, portMAX_DELAY);
      |                        ^~~~~~~~~~~~~
../Middlewares/Third_Party/FreeRTOS/Source/include/semphr.h:289:88: note: in definition of macro 'xSemaphoreTake'
  289 | #define xSemaphoreTake( xSemaphore, xBlockTime )                xQueueSemaphoreTake( ( xSemaphore ), ( xBlockTime ) )
      |                                                                                        ^~~~~~~~~~
../app/src/task_test.c:164:72: error: 'sem_door_closed_a' undeclared (first use in this function)
  164 |                                                         xSemaphoreGive(sem_door_closed_a);
      |                                                                        ^~~~~~~~~~~~~~~~~
../Middlewares/Third_Party/FreeRTOS/Source/include/semphr.h:447:88: note: in definition of macro 'xSemaphoreGive'
  447 | #define xSemaphoreGive( xSemaphore )            xQueueGenericSend( ( QueueHandle_t ) ( xSemaphore ), NULL, semGIVE_BLOCK_TIME, queueSEND_TO_BACK )
      |                                                                                        ^~~~~~~~~~
../app/src/task_gate_c.c:105:24: error: 'sem_door_closed_c' undeclared (first use in this function)
  105 |         xSemaphoreTake(sem_door_closed_c, portMAX_DELAY);
      |                        ^~~~~~~~~~~~~~~~~
../Middlewares/Third_Party/FreeRTOS/Source/include/semphr.h:289:88: note: in definition of macro 'xSemaphoreTake'
  289 | #define xSemaphoreTake( xSemaphore, xBlockTime )                xQueueSemaphoreTake( ( xSemaphore ), ( xBlockTime ) )
      |                                                                                        ^~~~~~~~~~
../app/src/task_test.c:169:72: error: 'sem_open_req_b' undeclared (first use in this function)
  169 |                                                         xSemaphoreGive(sem_open_req_b);
      |                                                                        ^~~~~~~~~~~~~~
../Middlewares/Third_Party/FreeRTOS/Source/include/semphr.h:447:88: note: in definition of macro 'xSemaphoreGive'
  447 | #define xSemaphoreGive( xSemaphore )            xQueueGenericSend( ( QueueHandle_t ) ( xSemaphore ), NULL, semGIVE_BLOCK_TIME, queueSEND_TO_BACK )
      |                                                                                        ^~~~~~~~~~
../app/src/task_gate_d.c:105:24: error: 'sem_door_closed_d' undeclared (first use in this function)
  105 |         xSemaphoreTake(sem_door_closed_d, portMAX_DELAY);
      |                        ^~~~~~~~~~~~~~~~~
../Middlewares/Third_Party/FreeRTOS/Source/include/semphr.h:289:88: note: in definition of macro 'xSemaphoreTake'
  289 | #define xSemaphoreTake( xSemaphore, xBlockTime )                xQueueSemaphoreTake( ( xSemaphore ), ( xBlockTime ) )
      |                                                                                        ^~~~~~~~~~
make: *** [app/src/subdir.mk:46: app/src/task_gate_c.o] Error 1
make: *** Waiting for unfinished jobs....
make: *** [app/src/subdir.mk:46: app/src/task_gate_d.o] Error 1
../app/src/task_gate_b.c:83:24: error: 'mutex_airlock' undeclared (first use in this function)
   83 |         xSemaphoreTake(mutex_airlock, portMAX_DELAY);
      |                        ^~~~~~~~~~~~~
../Middlewares/Third_Party/FreeRTOS/Source/include/semphr.h:289:88: note: in definition of macro 'xSemaphoreTake'
  289 | #define xSemaphoreTake( xSemaphore, xBlockTime )                xQueueSemaphoreTake( ( xSemaphore ), ( xBlockTime ) )
      |                                                                                        ^~~~~~~~~~
../app/src/task_gate_a.c:81:24: error: 'mutex_airlock_ab' undeclared (first use in this function)
   81 |         xSemaphoreTake(mutex_airlock_ab, portMAX_DELAY);
      |                        ^~~~~~~~~~~~~~~~
../Middlewares/Third_Party/FreeRTOS/Source/include/semphr.h:289:88: note: in definition of macro 'xSemaphoreTake'
  289 | #define xSemaphoreTake( xSemaphore, xBlockTime )                xQueueSemaphoreTake( ( xSemaphore ), ( xBlockTime ) )
      |                                                                                        ^~~~~~~~~~
../app/src/task_gate_b.c:89:24: error: 'sem_door_closed_b' undeclared (first use in this function)
   89 |         xSemaphoreTake(sem_door_closed_b, portMAX_DELAY);
      |                        ^~~~~~~~~~~~~~~~~
../Middlewares/Third_Party/FreeRTOS/Source/include/semphr.h:289:88: note: in definition of macro 'xSemaphoreTake'
  289 | #define xSemaphoreTake( xSemaphore, xBlockTime )                xQueueSemaphoreTake( ( xSemaphore ), ( xBlockTime ) )
      |                                                                                        ^~~~~~~~~~
make: *** [app/src/subdir.mk:46: app/src/task_gate_b.o] Error 1
../app/src/task_test.c:174:72: error: 'sem_door_closed_b' undeclared (first use in this function)
  174 |                                                         xSemaphoreGive(sem_door_closed_b);
      |                                                                        ^~~~~~~~~~~~~~~~~
../Middlewares/Third_Party/FreeRTOS/Source/include/semphr.h:447:88: note: in definition of macro 'xSemaphoreGive'
  447 | #define xSemaphoreGive( xSemaphore )            xQueueGenericSend( ( QueueHandle_t ) ( xSemaphore ), NULL, semGIVE_BLOCK_TIME, queueSEND_TO_BACK )
      |                                                                                        ^~~~~~~~~~
../app/src/task_gate_a.c:87:24: error: 'sem_door_closed_a' undeclared (first use in this function)
   87 |         xSemaphoreTake(sem_door_closed_a, portMAX_DELAY);
      |                        ^~~~~~~~~~~~~~~~~
../Middlewares/Third_Party/FreeRTOS/Source/include/semphr.h:289:88: note: in definition of macro 'xSemaphoreTake'
  289 | #define xSemaphoreTake( xSemaphore, xBlockTime )                xQueueSemaphoreTake( ( xSemaphore ), ( xBlockTime ) )
      |                                                                                        ^~~~~~~~~~
make: *** [app/src/subdir.mk:46: app/src/task_gate_a.o] Error 1
../app/src/task_test.c:179:72: error: 'sem_open_req_c' undeclared (first use in this function)
  179 |                                                         xSemaphoreGive(sem_open_req_c);
      |                                                                        ^~~~~~~~~~~~~~
../Middlewares/Third_Party/FreeRTOS/Source/include/semphr.h:447:88: note: in definition of macro 'xSemaphoreGive'
  447 | #define xSemaphoreGive( xSemaphore )            xQueueGenericSend( ( QueueHandle_t ) ( xSemaphore ), NULL, semGIVE_BLOCK_TIME, queueSEND_TO_BACK )
      |                                                                                        ^~~~~~~~~~
../app/src/task_test.c:184:72: error: 'sem_door_closed_c' undeclared (first use in this function)
  184 |                                                         xSemaphoreGive(sem_door_closed_c);
      |                                                                        ^~~~~~~~~~~~~~~~~
../Middlewares/Third_Party/FreeRTOS/Source/include/semphr.h:447:88: note: in definition of macro 'xSemaphoreGive'
  447 | #define xSemaphoreGive( xSemaphore )            xQueueGenericSend( ( QueueHandle_t ) ( xSemaphore ), NULL, semGIVE_BLOCK_TIME, queueSEND_TO_BACK )
      |                                                                                        ^~~~~~~~~~
../app/src/task_test.c:189:72: error: 'sem_open_req_d' undeclared (first use in this function)
  189 |                                                         xSemaphoreGive(sem_open_req_d);
      |                                                                        ^~~~~~~~~~~~~~
../Middlewares/Third_Party/FreeRTOS/Source/include/semphr.h:447:88: note: in definition of macro 'xSemaphoreGive'
  447 | #define xSemaphoreGive( xSemaphore )            xQueueGenericSend( ( QueueHandle_t ) ( xSemaphore ), NULL, semGIVE_BLOCK_TIME, queueSEND_TO_BACK )
      |                                                                                        ^~~~~~~~~~
../app/src/task_test.c:194:72: error: 'sem_door_closed_d' undeclared (first use in this function)
  194 |                                                         xSemaphoreGive(sem_door_closed_d);
      |                                                                        ^~~~~~~~~~~~~~~~~
../Middlewares/Third_Party/FreeRTOS/Source/include/semphr.h:447:88: note: in definition of macro 'xSemaphoreGive'
  447 | #define xSemaphoreGive( xSemaphore )            xQueueGenericSend( ( QueueHandle_t ) ( xSemaphore ), NULL, semGIVE_BLOCK_TIME, queueSEND_TO_BACK )
      |                                                                                        ^~~~~~~~~~
make: *** [app/src/subdir.mk:46: app/src/task_test.o] Error 1
"make -j7 all" terminated with exit code 2. Build might be incomplete.
20:03:15 **** Incremental Build of configuration Debug for project soe-tp3_04-application ****
make -j7 all 
arm-none-eabi-gcc "../app/src/app.c" -mcpu=cortex-m3 -std=gnu11 -g3 -DDEBUG -DUSE_HAL_DRIVER -DSTM32F103xB -c -I../Core/Inc -I../Drivers/STM32F1xx_HAL_Driver/Inc -I../Drivers/STM32F1xx_HAL_Driver/Inc/Legacy -I../Drivers/CMSIS/Device/ST/STM32F1xx/Include -I../Drivers/CMSIS/Include -I../Middlewares/Third_Party/FreeRTOS/Source/include -I../Middlewares/Third_Party/FreeRTOS/Source/CMSIS_RTOS -I../Middlewares/Third_Party/FreeRTOS/Source/portable/GCC/ARM_CM3 -I../app/inc -O0 -ffunction-sections -fdata-sections -Wall -fstack-usage -fcyclomatic-complexity -MMD -MP -MF"app/src/app.d" -MT"app/src/app.o" --specs=nano.specs -mfloat-abi=soft -mthumb -o "app/src/app.o"
arm-none-eabi-gcc "../app/src/freertos.c" -mcpu=cortex-m3 -std=gnu11 -g3 -DDEBUG -DUSE_HAL_DRIVER -DSTM32F103xB -c -I../Core/Inc -I../Drivers/STM32F1xx_HAL_Driver/Inc -I../Drivers/STM32F1xx_HAL_Driver/Inc/Legacy -I../Drivers/CMSIS/Device/ST/STM32F1xx/Include -I../Drivers/CMSIS/Include -I../Middlewares/Third_Party/FreeRTOS/Source/include -I../Middlewares/Third_Party/FreeRTOS/Source/CMSIS_RTOS -I../Middlewares/Third_Party/FreeRTOS/Source/portable/GCC/ARM_CM3 -I../app/inc -O0 -ffunction-sections -fdata-sections -Wall -fstack-usage -fcyclomatic-complexity -MMD -MP -MF"app/src/freertos.d" -MT"app/src/freertos.o" --specs=nano.specs -mfloat-abi=soft -mthumb -o "app/src/freertos.o"
arm-none-eabi-gcc "../app/src/task_gate_a.c" -mcpu=cortex-m3 -std=gnu11 -g3 -DDEBUG -DUSE_HAL_DRIVER -DSTM32F103xB -c -I../Core/Inc -I../Drivers/STM32F1xx_HAL_Driver/Inc -I../Drivers/STM32F1xx_HAL_Driver/Inc/Legacy -I../Drivers/CMSIS/Device/ST/STM32F1xx/Include -I../Drivers/CMSIS/Include -I../Middlewares/Third_Party/FreeRTOS/Source/include -I../Middlewares/Third_Party/FreeRTOS/Source/CMSIS_RTOS -I../Middlewares/Third_Party/FreeRTOS/Source/portable/GCC/ARM_CM3 -I../app/inc -O0 -ffunction-sections -fdata-sections -Wall -fstack-usage -fcyclomatic-complexity -MMD -MP -MF"app/src/task_gate_a.d" -MT"app/src/task_gate_a.o" --specs=nano.specs -mfloat-abi=soft -mthumb -o "app/src/task_gate_a.o"
arm-none-eabi-gcc "../app/src/task_gate_b.c" -mcpu=cortex-m3 -std=gnu11 -g3 -DDEBUG -DUSE_HAL_DRIVER -DSTM32F103xB -c -I../Core/Inc -I../Drivers/STM32F1xx_HAL_Driver/Inc -I../Drivers/STM32F1xx_HAL_Driver/Inc/Legacy -I../Drivers/CMSIS/Device/ST/STM32F1xx/Include -I../Drivers/CMSIS/Include -I../Middlewares/Third_Party/FreeRTOS/Source/include -I../Middlewares/Third_Party/FreeRTOS/Source/CMSIS_RTOS -I../Middlewares/Third_Party/FreeRTOS/Source/portable/GCC/ARM_CM3 -I../app/inc -O0 -ffunction-sections -fdata-sections -Wall -fstack-usage -fcyclomatic-complexity -MMD -MP -MF"app/src/task_gate_b.d" -MT"app/src/task_gate_b.o" --specs=nano.specs -mfloat-abi=soft -mthumb -o "app/src/task_gate_b.o"
arm-none-eabi-gcc "../app/src/task_gate_c.c" -mcpu=cortex-m3 -std=gnu11 -g3 -DDEBUG -DUSE_HAL_DRIVER -DSTM32F103xB -c -I../Core/Inc -I../Drivers/STM32F1xx_HAL_Driver/Inc -I../Drivers/STM32F1xx_HAL_Driver/Inc/Legacy -I../Drivers/CMSIS/Device/ST/STM32F1xx/Include -I../Drivers/CMSIS/Include -I../Middlewares/Third_Party/FreeRTOS/Source/include -I../Middlewares/Third_Party/FreeRTOS/Source/CMSIS_RTOS -I../Middlewares/Third_Party/FreeRTOS/Source/portable/GCC/ARM_CM3 -I../app/inc -O0 -ffunction-sections -fdata-sections -Wall -fstack-usage -fcyclomatic-complexity -MMD -MP -MF"app/src/task_gate_c.d" -MT"app/src/task_gate_c.o" --specs=nano.specs -mfloat-abi=soft -mthumb -o "app/src/task_gate_c.o"
arm-none-eabi-gcc "../app/src/task_gate_d.c" -mcpu=cortex-m3 -std=gnu11 -g3 -DDEBUG -DUSE_HAL_DRIVER -DSTM32F103xB -c -I../Core/Inc -I../Drivers/STM32F1xx_HAL_Driver/Inc -I../Drivers/STM32F1xx_HAL_Driver/Inc/Legacy -I../Drivers/CMSIS/Device/ST/STM32F1xx/Include -I../Drivers/CMSIS/Include -I../Middlewares/Third_Party/FreeRTOS/Source/include -I../Middlewares/Third_Party/FreeRTOS/Source/CMSIS_RTOS -I../Middlewares/Third_Party/FreeRTOS/Source/portable/GCC/ARM_CM3 -I../app/inc -O0 -ffunction-sections -fdata-sections -Wall -fstack-usage -fcyclomatic-complexity -MMD -MP -MF"app/src/task_gate_d.d" -MT"app/src/task_gate_d.o" --specs=nano.specs -mfloat-abi=soft -mthumb -o "app/src/task_gate_d.o"
arm-none-eabi-gcc "../app/src/task_test.c" -mcpu=cortex-m3 -std=gnu11 -g3 -DDEBUG -DUSE_HAL_DRIVER -DSTM32F103xB -c -I../Core/Inc -I../Drivers/STM32F1xx_HAL_Driver/Inc -I../Drivers/STM32F1xx_HAL_Driver/Inc/Legacy -I../Drivers/CMSIS/Device/ST/STM32F1xx/Include -I../Drivers/CMSIS/Include -I../Middlewares/Third_Party/FreeRTOS/Source/include -I../Middlewares/Third_Party/FreeRTOS/Source/CMSIS_RTOS -I../Middlewares/Third_Party/FreeRTOS/Source/portable/GCC/ARM_CM3 -I../app/inc -O0 -ffunction-sections -fdata-sections -Wall -fstack-usage -fcyclomatic-complexity -MMD -MP -MF"app/src/task_test.d" -MT"app/src/task_test.o" --specs=nano.specs -mfloat-abi=soft -mthumb -o "app/src/task_test.o"
../app/src/app.c: In function 'app_init':
../app/src/app.c:130:5: warning: "/*" within comment [-Wcomment]
  130 |     /* 1. Crear el Mutex global de la Esclusa (Habitación) */
      |      
In file included from ../Middlewares/Third_Party/FreeRTOS/Source/CMSIS_RTOS/cmsis_os.h:60,
                 from ../app/src/task_gate_a.c:38:
../app/src/task_gate_a.c: In function 'task_gate_a':
../app/src/task_gate_a.c:81:24: error: 'mutex_airlock_ab' undeclared (first use in this function); did you mean 'mutex_airlock'?
   81 |         xSemaphoreTake(mutex_airlock_ab, portMAX_DELAY);
      |                        ^~~~~~~~~~~~~~~~
../Middlewares/Third_Party/FreeRTOS/Source/include/semphr.h:289:88: note: in definition of macro 'xSemaphoreTake'
  289 | #define xSemaphoreTake( xSemaphore, xBlockTime )                xQueueSemaphoreTake( ( xSemaphore ), ( xBlockTime ) )
      |                                                                                        ^~~~~~~~~~
../app/src/task_gate_a.c:81:24: note: each undeclared identifier is reported only once for each function it appears in
   81 |         xSemaphoreTake(mutex_airlock_ab, portMAX_DELAY);
      |                        ^~~~~~~~~~~~~~~~
../Middlewares/Third_Party/FreeRTOS/Source/include/semphr.h:289:88: note: in definition of macro 'xSemaphoreTake'
  289 | #define xSemaphoreTake( xSemaphore, xBlockTime )                xQueueSemaphoreTake( ( xSemaphore ), ( xBlockTime ) )
      |                                                                                        ^~~~~~~~~~
make: *** [app/src/subdir.mk:46: app/src/task_gate_a.o] Error 1
make: *** Waiting for unfinished jobs....
"make -j7 all" terminated with exit code 2. Build might be incomplete.
20:06:25 **** Incremental Build of configuration Debug for project soe-tp3_04-application ****
make -j7 all 
arm-none-eabi-gcc "../app/src/task_gate_a.c" -mcpu=cortex-m3 -std=gnu11 -g3 -DDEBUG -DUSE_HAL_DRIVER -DSTM32F103xB -c -I../Core/Inc -I../Drivers/STM32F1xx_HAL_Driver/Inc -I../Drivers/STM32F1xx_HAL_Driver/Inc/Legacy -I../Drivers/CMSIS/Device/ST/STM32F1xx/Include -I../Drivers/CMSIS/Include -I../Middlewares/Third_Party/FreeRTOS/Source/include -I../Middlewares/Third_Party/FreeRTOS/Source/CMSIS_RTOS -I../Middlewares/Third_Party/FreeRTOS/Source/portable/GCC/ARM_CM3 -I../app/inc -O0 -ffunction-sections -fdata-sections -Wall -fstack-usage -fcyclomatic-complexity -MMD -MP -MF"app/src/task_gate_a.d" -MT"app/src/task_gate_a.o" --specs=nano.specs -mfloat-abi=soft -mthumb -o "app/src/task_gate_a.o"
arm-none-eabi-gcc "../Middlewares/Third_Party/FreeRTOS/Source/event_groups.c" -mcpu=cortex-m3 -std=gnu11 -g3 -DDEBUG -DUSE_HAL_DRIVER -DSTM32F103xB -c -I../Core/Inc -I../Drivers/STM32F1xx_HAL_Driver/Inc -I../Drivers/STM32F1xx_HAL_Driver/Inc/Legacy -I../Drivers/CMSIS/Device/ST/STM32F1xx/Include -I../Drivers/CMSIS/Include -I../Middlewares/Third_Party/FreeRTOS/Source/include -I../Middlewares/Third_Party/FreeRTOS/Source/CMSIS_RTOS -I../Middlewares/Third_Party/FreeRTOS/Source/portable/GCC/ARM_CM3 -I../app/inc -O0 -ffunction-sections -fdata-sections -Wall -fstack-usage -fcyclomatic-complexity -MMD -MP -MF"Middlewares/Third_Party/FreeRTOS/Source/event_groups.d" -MT"Middlewares/Third_Party/FreeRTOS/Source/event_groups.o" --specs=nano.specs -mfloat-abi=soft -mthumb -o "Middlewares/Third_Party/FreeRTOS/Source/event_groups.o"
arm-none-eabi-gcc "../Middlewares/Third_Party/FreeRTOS/Source/list.c" -mcpu=cortex-m3 -std=gnu11 -g3 -DDEBUG -DUSE_HAL_DRIVER -DSTM32F103xB -c -I../Core/Inc -I../Drivers/STM32F1xx_HAL_Driver/Inc -I../Drivers/STM32F1xx_HAL_Driver/Inc/Legacy -I../Drivers/CMSIS/Device/ST/STM32F1xx/Include -I../Drivers/CMSIS/Include -I../Middlewares/Third_Party/FreeRTOS/Source/include -I../Middlewares/Third_Party/FreeRTOS/Source/CMSIS_RTOS -I../Middlewares/Third_Party/FreeRTOS/Source/portable/GCC/ARM_CM3 -I../app/inc -O0 -ffunction-sections -fdata-sections -Wall -fstack-usage -fcyclomatic-complexity -MMD -MP -MF"Middlewares/Third_Party/FreeRTOS/Source/list.d" -MT"Middlewares/Third_Party/FreeRTOS/Source/list.o" --specs=nano.specs -mfloat-abi=soft -mthumb -o "Middlewares/Third_Party/FreeRTOS/Source/list.o"
arm-none-eabi-gcc "../Middlewares/Third_Party/FreeRTOS/Source/queue.c" -mcpu=cortex-m3 -std=gnu11 -g3 -DDEBUG -DUSE_HAL_DRIVER -DSTM32F103xB -c -I../Core/Inc -I../Drivers/STM32F1xx_HAL_Driver/Inc -I../Drivers/STM32F1xx_HAL_Driver/Inc/Legacy -I../Drivers/CMSIS/Device/ST/STM32F1xx/Include -I../Drivers/CMSIS/Include -I../Middlewares/Third_Party/FreeRTOS/Source/include -I../Middlewares/Third_Party/FreeRTOS/Source/CMSIS_RTOS -I../Middlewares/Third_Party/FreeRTOS/Source/portable/GCC/ARM_CM3 -I../app/inc -O0 -ffunction-sections -fdata-sections -Wall -fstack-usage -fcyclomatic-complexity -MMD -MP -MF"Middlewares/Third_Party/FreeRTOS/Source/queue.d" -MT"Middlewares/Third_Party/FreeRTOS/Source/queue.o" --specs=nano.specs -mfloat-abi=soft -mthumb -o "Middlewares/Third_Party/FreeRTOS/Source/queue.o"
arm-none-eabi-gcc "../Middlewares/Third_Party/FreeRTOS/Source/stream_buffer.c" -mcpu=cortex-m3 -std=gnu11 -g3 -DDEBUG -DUSE_HAL_DRIVER -DSTM32F103xB -c -I../Core/Inc -I../Drivers/STM32F1xx_HAL_Driver/Inc -I../Drivers/STM32F1xx_HAL_Driver/Inc/Legacy -I../Drivers/CMSIS/Device/ST/STM32F1xx/Include -I../Drivers/CMSIS/Include -I../Middlewares/Third_Party/FreeRTOS/Source/include -I../Middlewares/Third_Party/FreeRTOS/Source/CMSIS_RTOS -I../Middlewares/Third_Party/FreeRTOS/Source/portable/GCC/ARM_CM3 -I../app/inc -O0 -ffunction-sections -fdata-sections -Wall -fstack-usage -fcyclomatic-complexity -MMD -MP -MF"Middlewares/Third_Party/FreeRTOS/Source/stream_buffer.d" -MT"Middlewares/Third_Party/FreeRTOS/Source/stream_buffer.o" --specs=nano.specs -mfloat-abi=soft -mthumb -o "Middlewares/Third_Party/FreeRTOS/Source/stream_buffer.o"
arm-none-eabi-gcc "../Middlewares/Third_Party/FreeRTOS/Source/tasks.c" -mcpu=cortex-m3 -std=gnu11 -g3 -DDEBUG -DUSE_HAL_DRIVER -DSTM32F103xB -c -I../Core/Inc -I../Drivers/STM32F1xx_HAL_Driver/Inc -I../Drivers/STM32F1xx_HAL_Driver/Inc/Legacy -I../Drivers/CMSIS/Device/ST/STM32F1xx/Include -I../Drivers/CMSIS/Include -I../Middlewares/Third_Party/FreeRTOS/Source/include -I../Middlewares/Third_Party/FreeRTOS/Source/CMSIS_RTOS -I../Middlewares/Third_Party/FreeRTOS/Source/portable/GCC/ARM_CM3 -I../app/inc -O0 -ffunction-sections -fdata-sections -Wall -fstack-usage -fcyclomatic-complexity -MMD -MP -MF"Middlewares/Third_Party/FreeRTOS/Source/tasks.d" -MT"Middlewares/Third_Party/FreeRTOS/Source/tasks.o" --specs=nano.specs -mfloat-abi=soft -mthumb -o "Middlewares/Third_Party/FreeRTOS/Source/tasks.o"
arm-none-eabi-gcc "../Middlewares/Third_Party/FreeRTOS/Source/timers.c" -mcpu=cortex-m3 -std=gnu11 -g3 -DDEBUG -DUSE_HAL_DRIVER -DSTM32F103xB -c -I../Core/Inc -I../Drivers/STM32F1xx_HAL_Driver/Inc -I../Drivers/STM32F1xx_HAL_Driver/Inc/Legacy -I../Drivers/CMSIS/Device/ST/STM32F1xx/Include -I../Drivers/CMSIS/Include -I../Middlewares/Third_Party/FreeRTOS/Source/include -I../Middlewares/Third_Party/FreeRTOS/Source/CMSIS_RTOS -I../Middlewares/Third_Party/FreeRTOS/Source/portable/GCC/ARM_CM3 -I../app/inc -O0 -ffunction-sections -fdata-sections -Wall -fstack-usage -fcyclomatic-complexity -MMD -MP -MF"Middlewares/Third_Party/FreeRTOS/Source/timers.d" -MT"Middlewares/Third_Party/FreeRTOS/Source/timers.o" --specs=nano.specs -mfloat-abi=soft -mthumb -o "Middlewares/Third_Party/FreeRTOS/Source/timers.o"
arm-none-eabi-gcc "../Drivers/STM32F1xx_HAL_Driver/Src/stm32f1xx_hal.c" -mcpu=cortex-m3 -std=gnu11 -g3 -DDEBUG -DUSE_HAL_DRIVER -DSTM32F103xB -c -I../Core/Inc -I../Drivers/STM32F1xx_HAL_Driver/Inc -I../Drivers/STM32F1xx_HAL_Driver/Inc/Legacy -I../Drivers/CMSIS/Device/ST/STM32F1xx/Include -I../Drivers/CMSIS/Include -I../Middlewares/Third_Party/FreeRTOS/Source/include -I../Middlewares/Third_Party/FreeRTOS/Source/CMSIS_RTOS -I../Middlewares/Third_Party/FreeRTOS/Source/portable/GCC/ARM_CM3 -I../app/inc -O0 -ffunction-sections -fdata-sections -Wall -fstack-usage -fcyclomatic-complexity -MMD -MP -MF"Drivers/STM32F1xx_HAL_Driver/Src/stm32f1xx_hal.d" -MT"Drivers/STM32F1xx_HAL_Driver/Src/stm32f1xx_hal.o" --specs=nano.specs -mfloat-abi=soft -mthumb -o "Drivers/STM32F1xx_HAL_Driver/Src/stm32f1xx_hal.o"
arm-none-eabi-gcc "../Drivers/STM32F1xx_HAL_Driver/Src/stm32f1xx_hal_cortex.c" -mcpu=cortex-m3 -std=gnu11 -g3 -DDEBUG -DUSE_HAL_DRIVER -DSTM32F103xB -c -I../Core/Inc -I../Drivers/STM32F1xx_HAL_Driver/Inc -I../Drivers/STM32F1xx_HAL_Driver/Inc/Legacy -I../Drivers/CMSIS/Device/ST/STM32F1xx/Include -I../Drivers/CMSIS/Include -I../Middlewares/Third_Party/FreeRTOS/Source/include -I../Middlewares/Third_Party/FreeRTOS/Source/CMSIS_RTOS -I../Middlewares/Third_Party/FreeRTOS/Source/portable/GCC/ARM_CM3 -I../app/inc -O0 -ffunction-sections -fdata-sections -Wall -fstack-usage -fcyclomatic-complexity -MMD -MP -MF"Drivers/STM32F1xx_HAL_Driver/Src/stm32f1xx_hal_cortex.d" -MT"Drivers/STM32F1xx_HAL_Driver/Src/stm32f1xx_hal_cortex.o" --specs=nano.specs -mfloat-abi=soft -mthumb -o "Drivers/STM32F1xx_HAL_Driver/Src/stm32f1xx_hal_cortex.o"
arm-none-eabi-gcc "../Drivers/STM32F1xx_HAL_Driver/Src/stm32f1xx_hal_dma.c" -mcpu=cortex-m3 -std=gnu11 -g3 -DDEBUG -DUSE_HAL_DRIVER -DSTM32F103xB -c -I../Core/Inc -I../Drivers/STM32F1xx_HAL_Driver/Inc -I../Drivers/STM32F1xx_HAL_Driver/Inc/Legacy -I../Drivers/CMSIS/Device/ST/STM32F1xx/Include -I../Drivers/CMSIS/Include -I../Middlewares/Third_Party/FreeRTOS/Source/include -I../Middlewares/Third_Party/FreeRTOS/Source/CMSIS_RTOS -I../Middlewares/Third_Party/FreeRTOS/Source/portable/GCC/ARM_CM3 -I../app/inc -O0 -ffunction-sections -fdata-sections -Wall -fstack-usage -fcyclomatic-complexity -MMD -MP -MF"Drivers/STM32F1xx_HAL_Driver/Src/stm32f1xx_hal_dma.d" -MT"Drivers/STM32F1xx_HAL_Driver/Src/stm32f1xx_hal_dma.o" --specs=nano.specs -mfloat-abi=soft -mthumb -o "Drivers/STM32F1xx_HAL_Driver/Src/stm32f1xx_hal_dma.o"
arm-none-eabi-gcc "../Drivers/STM32F1xx_HAL_Driver/Src/stm32f1xx_hal_exti.c" -mcpu=cortex-m3 -std=gnu11 -g3 -DDEBUG -DUSE_HAL_DRIVER -DSTM32F103xB -c -I../Core/Inc -I../Drivers/STM32F1xx_HAL_Driver/Inc -I../Drivers/STM32F1xx_HAL_Driver/Inc/Legacy -I../Drivers/CMSIS/Device/ST/STM32F1xx/Include -I../Drivers/CMSIS/Include -I../Middlewares/Third_Party/FreeRTOS/Source/include -I../Middlewares/Third_Party/FreeRTOS/Source/CMSIS_RTOS -I../Middlewares/Third_Party/FreeRTOS/Source/portable/GCC/ARM_CM3 -I../app/inc -O0 -ffunction-sections -fdata-sections -Wall -fstack-usage -fcyclomatic-complexity -MMD -MP -MF"Drivers/STM32F1xx_HAL_Driver/Src/stm32f1xx_hal_exti.d" -MT"Drivers/STM32F1xx_HAL_Driver/Src/stm32f1xx_hal_exti.o" --specs=nano.specs -mfloat-abi=soft -mthumb -o "Drivers/STM32F1xx_HAL_Driver/Src/stm32f1xx_hal_exti.o"
arm-none-eabi-gcc "../Drivers/STM32F1xx_HAL_Driver/Src/stm32f1xx_hal_flash.c" -mcpu=cortex-m3 -std=gnu11 -g3 -DDEBUG -DUSE_HAL_DRIVER -DSTM32F103xB -c -I../Core/Inc -I../Drivers/STM32F1xx_HAL_Driver/Inc -I../Drivers/STM32F1xx_HAL_Driver/Inc/Legacy -I../Drivers/CMSIS/Device/ST/STM32F1xx/Include -I../Drivers/CMSIS/Include -I../Middlewares/Third_Party/FreeRTOS/Source/include -I../Middlewares/Third_Party/FreeRTOS/Source/CMSIS_RTOS -I../Middlewares/Third_Party/FreeRTOS/Source/portable/GCC/ARM_CM3 -I../app/inc -O0 -ffunction-sections -fdata-sections -Wall -fstack-usage -fcyclomatic-complexity -MMD -MP -MF"Drivers/STM32F1xx_HAL_Driver/Src/stm32f1xx_hal_flash.d" -MT"Drivers/STM32F1xx_HAL_Driver/Src/stm32f1xx_hal_flash.o" --specs=nano.specs -mfloat-abi=soft -mthumb -o "Drivers/STM32F1xx_HAL_Driver/Src/stm32f1xx_hal_flash.o"
arm-none-eabi-gcc "../Drivers/STM32F1xx_HAL_Driver/Src/stm32f1xx_hal_flash_ex.c" -mcpu=cortex-m3 -std=gnu11 -g3 -DDEBUG -DUSE_HAL_DRIVER -DSTM32F103xB -c -I../Core/Inc -I../Drivers/STM32F1xx_HAL_Driver/Inc -I../Drivers/STM32F1xx_HAL_Driver/Inc/Legacy -I../Drivers/CMSIS/Device/ST/STM32F1xx/Include -I../Drivers/CMSIS/Include -I../Middlewares/Third_Party/FreeRTOS/Source/include -I../Middlewares/Third_Party/FreeRTOS/Source/CMSIS_RTOS -I../Middlewares/Third_Party/FreeRTOS/Source/portable/GCC/ARM_CM3 -I../app/inc -O0 -ffunction-sections -fdata-sections -Wall -fstack-usage -fcyclomatic-complexity -MMD -MP -MF"Drivers/STM32F1xx_HAL_Driver/Src/stm32f1xx_hal_flash_ex.d" -MT"Drivers/STM32F1xx_HAL_Driver/Src/stm32f1xx_hal_flash_ex.o" --specs=nano.specs -mfloat-abi=soft -mthumb -o "Drivers/STM32F1xx_HAL_Driver/Src/stm32f1xx_hal_flash_ex.o"
arm-none-eabi-gcc "../Drivers/STM32F1xx_HAL_Driver/Src/stm32f1xx_hal_gpio.c" -mcpu=cortex-m3 -std=gnu11 -g3 -DDEBUG -DUSE_HAL_DRIVER -DSTM32F103xB -c -I../Core/Inc -I../Drivers/STM32F1xx_HAL_Driver/Inc -I../Drivers/STM32F1xx_HAL_Driver/Inc/Legacy -I../Drivers/CMSIS/Device/ST/STM32F1xx/Include -I../Drivers/CMSIS/Include -I../Middlewares/Third_Party/FreeRTOS/Source/include -I../Middlewares/Third_Party/FreeRTOS/Source/CMSIS_RTOS -I../Middlewares/Third_Party/FreeRTOS/Source/portable/GCC/ARM_CM3 -I../app/inc -O0 -ffunction-sections -fdata-sections -Wall -fstack-usage -fcyclomatic-complexity -MMD -MP -MF"Drivers/STM32F1xx_HAL_Driver/Src/stm32f1xx_hal_gpio.d" -MT"Drivers/STM32F1xx_HAL_Driver/Src/stm32f1xx_hal_gpio.o" --specs=nano.specs -mfloat-abi=soft -mthumb -o "Drivers/STM32F1xx_HAL_Driver/Src/stm32f1xx_hal_gpio.o"
arm-none-eabi-gcc "../Drivers/STM32F1xx_HAL_Driver/Src/stm32f1xx_hal_gpio_ex.c" -mcpu=cortex-m3 -std=gnu11 -g3 -DDEBUG -DUSE_HAL_DRIVER -DSTM32F103xB -c -I../Core/Inc -I../Drivers/STM32F1xx_HAL_Driver/Inc -I../Drivers/STM32F1xx_HAL_Driver/Inc/Legacy -I../Drivers/CMSIS/Device/ST/STM32F1xx/Include -I../Drivers/CMSIS/Include -I../Middlewares/Third_Party/FreeRTOS/Source/include -I../Middlewares/Third_Party/FreeRTOS/Source/CMSIS_RTOS -I../Middlewares/Third_Party/FreeRTOS/Source/portable/GCC/ARM_CM3 -I../app/inc -O0 -ffunction-sections -fdata-sections -Wall -fstack-usage -fcyclomatic-complexity -MMD -MP -MF"Drivers/STM32F1xx_HAL_Driver/Src/stm32f1xx_hal_gpio_ex.d" -MT"Drivers/STM32F1xx_HAL_Driver/Src/stm32f1xx_hal_gpio_ex.o" --specs=nano.specs -mfloat-abi=soft -mthumb -o "Drivers/STM32F1xx_HAL_Driver/Src/stm32f1xx_hal_gpio_ex.o"
arm-none-eabi-gcc "../Drivers/STM32F1xx_HAL_Driver/Src/stm32f1xx_hal_pwr.c" -mcpu=cortex-m3 -std=gnu11 -g3 -DDEBUG -DUSE_HAL_DRIVER -DSTM32F103xB -c -I../Core/Inc -I../Drivers/STM32F1xx_HAL_Driver/Inc -I../Drivers/STM32F1xx_HAL_Driver/Inc/Legacy -I../Drivers/CMSIS/Device/ST/STM32F1xx/Include -I../Drivers/CMSIS/Include -I../Middlewares/Third_Party/FreeRTOS/Source/include -I../Middlewares/Third_Party/FreeRTOS/Source/CMSIS_RTOS -I../Middlewares/Third_Party/FreeRTOS/Source/portable/GCC/ARM_CM3 -I../app/inc -O0 -ffunction-sections -fdata-sections -Wall -fstack-usage -fcyclomatic-complexity -MMD -MP -MF"Drivers/STM32F1xx_HAL_Driver/Src/stm32f1xx_hal_pwr.d" -MT"Drivers/STM32F1xx_HAL_Driver/Src/stm32f1xx_hal_pwr.o" --specs=nano.specs -mfloat-abi=soft -mthumb -o "Drivers/STM32F1xx_HAL_Driver/Src/stm32f1xx_hal_pwr.o"
arm-none-eabi-gcc "../Drivers/STM32F1xx_HAL_Driver/Src/stm32f1xx_hal_rcc.c" -mcpu=cortex-m3 -std=gnu11 -g3 -DDEBUG -DUSE_HAL_DRIVER -DSTM32F103xB -c -I../Core/Inc -I../Drivers/STM32F1xx_HAL_Driver/Inc -I../Drivers/STM32F1xx_HAL_Driver/Inc/Legacy -I../Drivers/CMSIS/Device/ST/STM32F1xx/Include -I../Drivers/CMSIS/Include -I../Middlewares/Third_Party/FreeRTOS/Source/include -I../Middlewares/Third_Party/FreeRTOS/Source/CMSIS_RTOS -I../Middlewares/Third_Party/FreeRTOS/Source/portable/GCC/ARM_CM3 -I../app/inc -O0 -ffunction-sections -fdata-sections -Wall -fstack-usage -fcyclomatic-complexity -MMD -MP -MF"Drivers/STM32F1xx_HAL_Driver/Src/stm32f1xx_hal_rcc.d" -MT"Drivers/STM32F1xx_HAL_Driver/Src/stm32f1xx_hal_rcc.o" --specs=nano.specs -mfloat-abi=soft -mthumb -o "Drivers/STM32F1xx_HAL_Driver/Src/stm32f1xx_hal_rcc.o"
arm-none-eabi-gcc "../Drivers/STM32F1xx_HAL_Driver/Src/stm32f1xx_hal_rcc_ex.c" -mcpu=cortex-m3 -std=gnu11 -g3 -DDEBUG -DUSE_HAL_DRIVER -DSTM32F103xB -c -I../Core/Inc -I../Drivers/STM32F1xx_HAL_Driver/Inc -I../Drivers/STM32F1xx_HAL_Driver/Inc/Legacy -I../Drivers/CMSIS/Device/ST/STM32F1xx/Include -I../Drivers/CMSIS/Include -I../Middlewares/Third_Party/FreeRTOS/Source/include -I../Middlewares/Third_Party/FreeRTOS/Source/CMSIS_RTOS -I../Middlewares/Third_Party/FreeRTOS/Source/portable/GCC/ARM_CM3 -I../app/inc -O0 -ffunction-sections -fdata-sections -Wall -fstack-usage -fcyclomatic-complexity -MMD -MP -MF"Drivers/STM32F1xx_HAL_Driver/Src/stm32f1xx_hal_rcc_ex.d" -MT"Drivers/STM32F1xx_HAL_Driver/Src/stm32f1xx_hal_rcc_ex.o" --specs=nano.specs -mfloat-abi=soft -mthumb -o "Drivers/STM32F1xx_HAL_Driver/Src/stm32f1xx_hal_rcc_ex.o"
arm-none-eabi-gcc "../Drivers/STM32F1xx_HAL_Driver/Src/stm32f1xx_hal_tim.c" -mcpu=cortex-m3 -std=gnu11 -g3 -DDEBUG -DUSE_HAL_DRIVER -DSTM32F103xB -c -I../Core/Inc -I../Drivers/STM32F1xx_HAL_Driver/Inc -I../Drivers/STM32F1xx_HAL_Driver/Inc/Legacy -I../Drivers/CMSIS/Device/ST/STM32F1xx/Include -I../Drivers/CMSIS/Include -I../Middlewares/Third_Party/FreeRTOS/Source/include -I../Middlewares/Third_Party/FreeRTOS/Source/CMSIS_RTOS -I../Middlewares/Third_Party/FreeRTOS/Source/portable/GCC/ARM_CM3 -I../app/inc -O0 -ffunction-sections -fdata-sections -Wall -fstack-usage -fcyclomatic-complexity -MMD -MP -MF"Drivers/STM32F1xx_HAL_Driver/Src/stm32f1xx_hal_tim.d" -MT"Drivers/STM32F1xx_HAL_Driver/Src/stm32f1xx_hal_tim.o" --specs=nano.specs -mfloat-abi=soft -mthumb -o "Drivers/STM32F1xx_HAL_Driver/Src/stm32f1xx_hal_tim.o"
arm-none-eabi-gcc "../Drivers/STM32F1xx_HAL_Driver/Src/stm32f1xx_hal_tim_ex.c" -mcpu=cortex-m3 -std=gnu11 -g3 -DDEBUG -DUSE_HAL_DRIVER -DSTM32F103xB -c -I../Core/Inc -I../Drivers/STM32F1xx_HAL_Driver/Inc -I../Drivers/STM32F1xx_HAL_Driver/Inc/Legacy -I../Drivers/CMSIS/Device/ST/STM32F1xx/Include -I../Drivers/CMSIS/Include -I../Middlewares/Third_Party/FreeRTOS/Source/include -I../Middlewares/Third_Party/FreeRTOS/Source/CMSIS_RTOS -I../Middlewares/Third_Party/FreeRTOS/Source/portable/GCC/ARM_CM3 -I../app/inc -O0 -ffunction-sections -fdata-sections -Wall -fstack-usage -fcyclomatic-complexity -MMD -MP -MF"Drivers/STM32F1xx_HAL_Driver/Src/stm32f1xx_hal_tim_ex.d" -MT"Drivers/STM32F1xx_HAL_Driver/Src/stm32f1xx_hal_tim_ex.o" --specs=nano.specs -mfloat-abi=soft -mthumb -o "Drivers/STM32F1xx_HAL_Driver/Src/stm32f1xx_hal_tim_ex.o"
arm-none-eabi-gcc "../Drivers/STM32F1xx_HAL_Driver/Src/stm32f1xx_hal_uart.c" -mcpu=cortex-m3 -std=gnu11 -g3 -DDEBUG -DUSE_HAL_DRIVER -DSTM32F103xB -c -I../Core/Inc -I../Drivers/STM32F1xx_HAL_Driver/Inc -I../Drivers/STM32F1xx_HAL_Driver/Inc/Legacy -I../Drivers/CMSIS/Device/ST/STM32F1xx/Include -I../Drivers/CMSIS/Include -I../Middlewares/Third_Party/FreeRTOS/Source/include -I../Middlewares/Third_Party/FreeRTOS/Source/CMSIS_RTOS -I../Middlewares/Third_Party/FreeRTOS/Source/portable/GCC/ARM_CM3 -I../app/inc -O0 -ffunction-sections -fdata-sections -Wall -fstack-usage -fcyclomatic-complexity -MMD -MP -MF"Drivers/STM32F1xx_HAL_Driver/Src/stm32f1xx_hal_uart.d" -MT"Drivers/STM32F1xx_HAL_Driver/Src/stm32f1xx_hal_uart.o" --specs=nano.specs -mfloat-abi=soft -mthumb -o "Drivers/STM32F1xx_HAL_Driver/Src/stm32f1xx_hal_uart.o"
arm-none-eabi-gcc -mcpu=cortex-m3 -g3 -DDEBUG -c -I../Core/Inc -I../Drivers/STM32F1xx_HAL_Driver/Inc -I../Drivers/STM32F1xx_HAL_Driver/Inc/Legacy -I../Middlewares/Third_Party/FreeRTOS/Source/include -I../Middlewares/Third_Party/FreeRTOS/Source/CMSIS_RTOS -I../Middlewares/Third_Party/FreeRTOS/Source/portable/GCC/ARM_CM3 -I../Drivers/CMSIS/Device/ST/STM32F1xx/Include -I../Drivers/CMSIS/Include -x assembler-with-cpp -MMD -MP -MF"Core/Startup/startup_stm32f103rbtx.d" -MT"Core/Startup/startup_stm32f103rbtx.o" --specs=nano.specs -mfloat-abi=soft -mthumb -o "Core/Startup/startup_stm32f103rbtx.o" "../Core/Startup/startup_stm32f103rbtx.s"
arm-none-eabi-gcc "../Core/Src/freertos.c" -mcpu=cortex-m3 -std=gnu11 -g3 -DDEBUG -DUSE_HAL_DRIVER -DSTM32F103xB -c -I../Core/Inc -I../Drivers/STM32F1xx_HAL_Driver/Inc -I../Drivers/STM32F1xx_HAL_Driver/Inc/Legacy -I../Drivers/CMSIS/Device/ST/STM32F1xx/Include -I../Drivers/CMSIS/Include -I../Middlewares/Third_Party/FreeRTOS/Source/include -I../Middlewares/Third_Party/FreeRTOS/Source/CMSIS_RTOS -I../Middlewares/Third_Party/FreeRTOS/Source/portable/GCC/ARM_CM3 -I../app/inc -O0 -ffunction-sections -fdata-sections -Wall -fstack-usage -fcyclomatic-complexity -MMD -MP -MF"Core/Src/freertos.d" -MT"Core/Src/freertos.o" --specs=nano.specs -mfloat-abi=soft -mthumb -o "Core/Src/freertos.o"
arm-none-eabi-gcc "../Core/Src/main.c" -mcpu=cortex-m3 -std=gnu11 -g3 -DDEBUG -DUSE_HAL_DRIVER -DSTM32F103xB -c -I../Core/Inc -I../Drivers/STM32F1xx_HAL_Driver/Inc -I../Drivers/STM32F1xx_HAL_Driver/Inc/Legacy -I../Drivers/CMSIS/Device/ST/STM32F1xx/Include -I../Drivers/CMSIS/Include -I../Middlewares/Third_Party/FreeRTOS/Source/include -I../Middlewares/Third_Party/FreeRTOS/Source/CMSIS_RTOS -I../Middlewares/Third_Party/FreeRTOS/Source/portable/GCC/ARM_CM3 -I../app/inc -O0 -ffunction-sections -fdata-sections -Wall -fstack-usage -fcyclomatic-complexity -MMD -MP -MF"Core/Src/main.d" -MT"Core/Src/main.o" --specs=nano.specs -mfloat-abi=soft -mthumb -o "Core/Src/main.o"
arm-none-eabi-gcc "../Core/Src/stm32f1xx_hal_msp.c" -mcpu=cortex-m3 -std=gnu11 -g3 -DDEBUG -DUSE_HAL_DRIVER -DSTM32F103xB -c -I../Core/Inc -I../Drivers/STM32F1xx_HAL_Driver/Inc -I../Drivers/STM32F1xx_HAL_Driver/Inc/Legacy -I../Drivers/CMSIS/Device/ST/STM32F1xx/Include -I../Drivers/CMSIS/Include -I../Middlewares/Third_Party/FreeRTOS/Source/include -I../Middlewares/Third_Party/FreeRTOS/Source/CMSIS_RTOS -I../Middlewares/Third_Party/FreeRTOS/Source/portable/GCC/ARM_CM3 -I../app/inc -O0 -ffunction-sections -fdata-sections -Wall -fstack-usage -fcyclomatic-complexity -MMD -MP -MF"Core/Src/stm32f1xx_hal_msp.d" -MT"Core/Src/stm32f1xx_hal_msp.o" --specs=nano.specs -mfloat-abi=soft -mthumb -o "Core/Src/stm32f1xx_hal_msp.o"
arm-none-eabi-gcc "../Core/Src/stm32f1xx_hal_timebase_tim.c" -mcpu=cortex-m3 -std=gnu11 -g3 -DDEBUG -DUSE_HAL_DRIVER -DSTM32F103xB -c -I../Core/Inc -I../Drivers/STM32F1xx_HAL_Driver/Inc -I../Drivers/STM32F1xx_HAL_Driver/Inc/Legacy -I../Drivers/CMSIS/Device/ST/STM32F1xx/Include -I../Drivers/CMSIS/Include -I../Middlewares/Third_Party/FreeRTOS/Source/include -I../Middlewares/Third_Party/FreeRTOS/Source/CMSIS_RTOS -I../Middlewares/Third_Party/FreeRTOS/Source/portable/GCC/ARM_CM3 -I../app/inc -O0 -ffunction-sections -fdata-sections -Wall -fstack-usage -fcyclomatic-complexity -MMD -MP -MF"Core/Src/stm32f1xx_hal_timebase_tim.d" -MT"Core/Src/stm32f1xx_hal_timebase_tim.o" --specs=nano.specs -mfloat-abi=soft -mthumb -o "Core/Src/stm32f1xx_hal_timebase_tim.o"
arm-none-eabi-gcc "../Core/Src/stm32f1xx_it.c" -mcpu=cortex-m3 -std=gnu11 -g3 -DDEBUG -DUSE_HAL_DRIVER -DSTM32F103xB -c -I../Core/Inc -I../Drivers/STM32F1xx_HAL_Driver/Inc -I../Drivers/STM32F1xx_HAL_Driver/Inc/Legacy -I../Drivers/CMSIS/Device/ST/STM32F1xx/Include -I../Drivers/CMSIS/Include -I../Middlewares/Third_Party/FreeRTOS/Source/include -I../Middlewares/Third_Party/FreeRTOS/Source/CMSIS_RTOS -I../Middlewares/Third_Party/FreeRTOS/Source/portable/GCC/ARM_CM3 -I../app/inc -O0 -ffunction-sections -fdata-sections -Wall -fstack-usage -fcyclomatic-complexity -MMD -MP -MF"Core/Src/stm32f1xx_it.d" -MT"Core/Src/stm32f1xx_it.o" --specs=nano.specs -mfloat-abi=soft -mthumb -o "Core/Src/stm32f1xx_it.o"
arm-none-eabi-gcc "../Core/Src/sysmem.c" -mcpu=cortex-m3 -std=gnu11 -g3 -DDEBUG -DUSE_HAL_DRIVER -DSTM32F103xB -c -I../Core/Inc -I../Drivers/STM32F1xx_HAL_Driver/Inc -I../Drivers/STM32F1xx_HAL_Driver/Inc/Legacy -I../Drivers/CMSIS/Device/ST/STM32F1xx/Include -I../Drivers/CMSIS/Include -I../Middlewares/Third_Party/FreeRTOS/Source/include -I../Middlewares/Third_Party/FreeRTOS/Source/CMSIS_RTOS -I../Middlewares/Third_Party/FreeRTOS/Source/portable/GCC/ARM_CM3 -I../app/inc -O0 -ffunction-sections -fdata-sections -Wall -fstack-usage -fcyclomatic-complexity -MMD -MP -MF"Core/Src/sysmem.d" -MT"Core/Src/sysmem.o" --specs=nano.specs -mfloat-abi=soft -mthumb -o "Core/Src/sysmem.o"
arm-none-eabi-gcc "../Core/Src/system_stm32f1xx.c" -mcpu=cortex-m3 -std=gnu11 -g3 -DDEBUG -DUSE_HAL_DRIVER -DSTM32F103xB -c -I../Core/Inc -I../Drivers/STM32F1xx_HAL_Driver/Inc -I../Drivers/STM32F1xx_HAL_Driver/Inc/Legacy -I../Drivers/CMSIS/Device/ST/STM32F1xx/Include -I../Drivers/CMSIS/Include -I../Middlewares/Third_Party/FreeRTOS/Source/include -I../Middlewares/Third_Party/FreeRTOS/Source/CMSIS_RTOS -I../Middlewares/Third_Party/FreeRTOS/Source/portable/GCC/ARM_CM3 -I../app/inc -O0 -ffunction-sections -fdata-sections -Wall -fstack-usage -fcyclomatic-complexity -MMD -MP -MF"Core/Src/system_stm32f1xx.d" -MT"Core/Src/system_stm32f1xx.o" --specs=nano.specs -mfloat-abi=soft -mthumb -o "Core/Src/system_stm32f1xx.o"
arm-none-eabi-gcc -o "soe-tp3_04-application.elf" @"objects.list"  -lrdimon -mcpu=cortex-m3 -T"/Users/alekseychahuillco/Documents/FIUBA/1er_Cuatri_2026/Sistemas_Operativos_Embebidos/TP3/soe-tp3_04-application/STM32F103RBTX_FLASH.ld" --specs=nosys.specs -Wl,-Map="soe-tp3_04-application.map" -Wl,--gc-sections -static -specs=rdimon.specs --specs=nano.specs -mfloat-abi=soft -mthumb -Wl,--start-group -lc -lm -Wl,--end-group
Finished building target: soe-tp3_04-application.elf
 
arm-none-eabi-size  soe-tp3_04-application.elf 
arm-none-eabi-objdump -h -S soe-tp3_04-application.elf  > "soe-tp3_04-application.list"
   text	   data	    bss	    dec	    hex	filename
  29212	    140	   7588	  36940	   904c	soe-tp3_04-application.elf
Finished building: default.size.stdout
 
Finished building: soe-tp3_04-application.list
 
20:06:37 **** Incremental Build of configuration Debug for project soe-tp3_04-application ****
make -j7 all 
arm-none-eabi-size  soe-tp3_04-application.elf 
   text	   data	    bss	    dec	    hex	filename
  29212	    140	   7588	  36940	   904c	soe-tp3_04-application.elf
Finished building: default.size.stdout
 
20:07:10 **** Incremental Build of configuration Debug for project soe-tp3_04-application ****
make -j7 all 
arm-none-eabi-size  soe-tp3_04-application.elf 
   text	   data	    bss	    dec	    hex	filename
  29212	    140	   7588	  36940	   904c	soe-tp3_04-application.elf
Finished building: default.size.stdout
 
20:08:25 **** Incremental Build of configuration Debug for project soe-tp3_04-application ****
make -j7 all 
arm-none-eabi-size  soe-tp3_04-application.elf 
   text	   data	    bss	    dec	    hex	filename
  29212	    140	   7588	  36940	   904c	soe-tp3_04-application.elf
Finished building: default.size.stdout
 
20:10:33 **** Incremental Build of configuration Debug for project soe-tp3_04-application ****
make -j7 all 
arm-none-eabi-size  soe-tp3_04-application.elf 
   text	   data	    bss	    dec	    hex	filename
  29212	    140	   7588	  36940	   904c	soe-tp3_04-application.elf
Finished building: default.size.stdout
 
20:12:07 **** Incremental Build of configuration Debug for project soe-tp3_04-application ****
make -j7 all 
arm-none-eabi-gcc "../app/src/app.c" -mcpu=cortex-m3 -std=gnu11 -g3 -DDEBUG -DUSE_HAL_DRIVER -DSTM32F103xB -c -I../Core/Inc -I../Drivers/STM32F1xx_HAL_Driver/Inc -I../Drivers/STM32F1xx_HAL_Driver/Inc/Legacy -I../Drivers/CMSIS/Device/ST/STM32F1xx/Include -I../Drivers/CMSIS/Include -I../Middlewares/Third_Party/FreeRTOS/Source/include -I../Middlewares/Third_Party/FreeRTOS/Source/CMSIS_RTOS -I../Middlewares/Third_Party/FreeRTOS/Source/portable/GCC/ARM_CM3 -I../app/inc -O0 -ffunction-sections -fdata-sections -Wall -fstack-usage -fcyclomatic-complexity -MMD -MP -MF"app/src/app.d" -MT"app/src/app.o" --specs=nano.specs -mfloat-abi=soft -mthumb -o "app/src/app.o"
../app/src/app.c: In function 'app_init':
../app/src/app.c:130:5: warning: "/*" within comment [-Wcomment]
  130 |     /* 1. Crear el Mutex global de la Esclusa (Habitación) */
      |      
arm-none-eabi-gcc -o "soe-tp3_04-application.elf" @"objects.list"  -lrdimon -mcpu=cortex-m3 -T"/Users/alekseychahuillco/Documents/FIUBA/1er_Cuatri_2026/Sistemas_Operativos_Embebidos/TP3/soe-tp3_04-application/STM32F103RBTX_FLASH.ld" --specs=nosys.specs -Wl,-Map="soe-tp3_04-application.map" -Wl,--gc-sections -static -specs=rdimon.specs --specs=nano.specs -mfloat-abi=soft -mthumb -Wl,--start-group -lc -lm -Wl,--end-group
Finished building target: soe-tp3_04-application.elf
 
arm-none-eabi-size  soe-tp3_04-application.elf 
arm-none-eabi-objdump -h -S soe-tp3_04-application.elf  > "soe-tp3_04-application.list"
   text	   data	    bss	    dec	    hex	filename
  29212	    140	   7588	  36940	   904c	soe-tp3_04-application.elf
Finished building: default.size.stdout
 
Finished building: soe-tp3_04-application.list
 
20:27:10 **** Incremental Build of configuration Debug for project soe-tp3_04-application ****
make -j7 all 
arm-none-eabi-gcc "../app/src/task_test.c" -mcpu=cortex-m3 -std=gnu11 -g3 -DDEBUG -DUSE_HAL_DRIVER -DSTM32F103xB -c -I../Core/Inc -I../Drivers/STM32F1xx_HAL_Driver/Inc -I../Drivers/STM32F1xx_HAL_Driver/Inc/Legacy -I../Drivers/CMSIS/Device/ST/STM32F1xx/Include -I../Drivers/CMSIS/Include -I../Middlewares/Third_Party/FreeRTOS/Source/include -I../Middlewares/Third_Party/FreeRTOS/Source/CMSIS_RTOS -I../Middlewares/Third_Party/FreeRTOS/Source/portable/GCC/ARM_CM3 -I../app/inc -O0 -ffunction-sections -fdata-sections -Wall -fstack-usage -fcyclomatic-complexity -MMD -MP -MF"app/src/task_test.d" -MT"app/src/task_test.o" --specs=nano.specs -mfloat-abi=soft -mthumb -o "app/src/task_test.o"
arm-none-eabi-gcc -o "soe-tp3_04-application.elf" @"objects.list"  -lrdimon -mcpu=cortex-m3 -T"/Users/alekseychahuillco/Documents/FIUBA/1er_Cuatri_2026/Sistemas_Operativos_Embebidos/TP3/soe-tp3_04-application/STM32F103RBTX_FLASH.ld" --specs=nosys.specs -Wl,-Map="soe-tp3_04-application.map" -Wl,--gc-sections -static -specs=rdimon.specs --specs=nano.specs -mfloat-abi=soft -mthumb -Wl,--start-group -lc -lm -Wl,--end-group
Finished building target: soe-tp3_04-application.elf
 
arm-none-eabi-size  soe-tp3_04-application.elf 
arm-none-eabi-objdump -h -S soe-tp3_04-application.elf  > "soe-tp3_04-application.list"
   text	   data	    bss	    dec	    hex	filename
  29216	    140	   7588	  36944	   9050	soe-tp3_04-application.elf
Finished building: default.size.stdout
 
Finished building: soe-tp3_04-application.list
 
